bandit28@bandit:~$ cd `mktemp -d `                                                                                                                           
bandit28@bandit:/tmp/tmp.0yvXHrQSXa$ git clone ssh://bandit28-git@localhost/home/bandit28-git/repo
Cloning into 'repo'...
Could not create directory '/home/bandit28/.ssh'.
The authenticity of host 'localhost (127.0.0.1)' can't be established.
ECDSA key fingerprint is SHA256:98UL0ZWr85496EtCRkKlo20X3OPnyPSB5tB5RPbhczc.
Are you sure you want to continue connecting (yes/no)? yes
Failed to add the host to the list of known hosts (/home/bandit28/.ssh/known_hosts).
This is a OverTheWire game server. More information on http://www.overthewire.org/wargames

bandit28-git@localhost's password: 
remote: Counting objects: 9, done.
remote: Compressing objects: 100% (6/6), done.
remote: Total 9 (delta 2), reused 0 (delta 0)
Receiving objects: 100% (9/9), done.
Resolving deltas: 100% (2/2), done.
bandit28@bandit:/tmp/tmp.0yvXHrQSXa$ ls
repo
bandit28@bandit:/tmp/tmp.0yvXHrQSXa$ cd repo
bandit28@bandit:/tmp/tmp.0yvXHrQSXa/repo$ ls
README.md
bandit28@bandit:/tmp/tmp.0yvXHrQSXa/repo$ car README.md
-bash: car: command not found
bandit28@bandit:/tmp/tmp.0yvXHrQSXa/repo$ cat README.md
# Bandit Notes
Some notes for level29 of bandit.

## credentials

- username: bandit29
- password: xxxxxxxxxx

bandit28@bandit:/tmp/tmp.0yvXHrQSXa/repo$ file *
README.md: ASCII text

bandit28@bandit:/tmp/tmp.0yvXHrQSXa/repo/.git$ git logs
git: 'logs' is not a git command. See 'git --help'.

Did you mean this?
        log
bandit28@bandit:/tmp/tmp.0yvXHrQSXa/repo/.git$ git log
commit 027e277a9f5c4fdc0d1427b1e11003d1059ca66b
Author: Morla Porla <morla@overthewire.org>
Date:   Sun Sep 30 19:48:47 2018 +0200

    fix info leak

commit 65e7e214518a9702681f8664541f3ac1cd7f97fc
Author: Morla Porla <morla@overthewire.org>
Date:   Sun Sep 30 19:48:47 2018 +0200

    add missing data

commit c3e31af89c5448edfe4cf573976992edf1c9e6d3
Author: Ben Dover <noone@overthewire.org>
Date:   Sun Sep 30 19:48:47 2018 +0200

    initial commit of README.md
    
    bandit28@bandit:/tmp/tmp.0yvXHrQSXa/repo/.git$ git show
commit 027e277a9f5c4fdc0d1427b1e11003d1059ca66b
Author: Morla Porla <morla@overthewire.org>
Date:   Sun Sep 30 19:48:47 2018 +0200

    fix info leak

diff --git a/README.md b/README.md
index 3f7cee8..5c6457b 100644
--- a/README.md
+++ b/README.md
@@ -4,5 +4,5 @@ Some notes for level29 of bandit.
 ## credentials
 
 - username: bandit29
-- password: bbc96594b4e001778eee9975372716b2
+- password: xxxxxxxxxx
 