bandit29@bandit:~$ ls
bandit29@bandit:~$ cd `mktemp -d`
bandit29@bandit:/tmp/tmp.g9LighcJlu$ git clone ssh://bandit29-git@localhost/home/bandit29-git/repo
Cloning into 'repo'...
Could not create directory '/home/bandit29/.ssh'.
The authenticity of host 'localhost (127.0.0.1)' can't be established.
ECDSA key fingerprint is SHA256:98UL0ZWr85496EtCRkKlo20X3OPnyPSB5tB5RPbhczc.
Are you sure you want to continue connecting (yes/no)? yes
Failed to add the host to the list of known hosts (/home/bandit29/.ssh/known_hosts).
This is a OverTheWire game server. More information on http://www.overthewire.org/wargames

bandit29-git@localhost's password: 
remote: Counting objects: 16, done.
remote: Compressing objects: 100% (11/11), done.
remote: Total 16 (delta 2), reused 0 (delta 0)
Receiving objects: 100% (16/16), done.
Resolving deltas: 100% (2/2), done.
bandit29@bandit:/tmp/tmp.g9LighcJlu$ ls
repo
bandit29@bandit:/tmp/tmp.g9LighcJlu$ cd repo
bandit29@bandit:/tmp/tmp.g9LighcJlu/repo$ ls
README.md
bandit29@bandit:/tmp/tmp.g9LighcJlu/repo$ cat README.md
# Bandit Notes
Some notes for bandit30 of bandit.

## credentials

- username: bandit30
- password: <no passwords in production!>

bandit29@bandit:/tmp/tmp.g9LighcJlu/repo$ git log
commit e887a99c384fce53981b25a56a06e460d5399a96
Author: Ben Dover <noone@overthewire.org>
Date:   Sun Sep 30 19:48:51 2018 +0200

    fix username

commit 8900db12297176481b3b1ff6ddb76387e67bfed1
Author: Ben Dover <noone@overthewire.org>
Date:   Sun Sep 30 19:48:51 2018 +0200

    initial commit of README.md
bandit29@bandit:/tmp/tmp.g9LighcJlu/repo$ git show
commit e887a99c384fce53981b25a56a06e460d5399a96
Author: Ben Dover <noone@overthewire.org>
Date:   Sun Sep 30 19:48:51 2018 +0200

    fix username

diff --git a/README.md b/README.md
index 2da2f39..1af21d3 100644
--- a/README.md
+++ b/README.md
@@ -3,6 +3,6 @@ Some notes for bandit30 of bandit.
 
 ## credentials
 
-- username: bandit29
+- username: bandit30
 - password: <no passwords in production!>
 
 bandit29@bandit:/tmp/tmp.kAkIuQmGn6/repo/repo$ git branch -a
* master
  remotes/origin/HEAD -> origin/master
  remotes/origin/dev
  remotes/origin/master
  remotes/origin/sploits-dev
bandit29@bandit:/tmp/tmp.kAkIuQmGn6/repo/repo$ git checkout remotes/origin/dev
Note: checking out 'remotes/origin/dev'.

You are in 'detached HEAD' state. You can look around, make experimental
changes and commit them, and you can discard any commits you make in this
state without impacting any branches by performing another checkout.

If you want to create a new branch to retain commits you create, you may
do so (now or later) by using -b with the checkout command again. Example:

  git checkout -b <new-branch-name>

HEAD is now at 8d71892... add data needed for development
bandit29@bandit:/tmp/tmp.kAkIuQmGn6/repo/repo$ git log
commit 8d718923251bed76bd180cd4d69783690fa71f8c
Author: Morla Porla <morla@overthewire.org>
Date:   Sun Sep 30 19:48:51 2018 +0200

    add data needed for development

commit 5506b538a4cd87b49f5bce4016cebaae1ba96506
Author: Ben Dover <noone@overthewire.org>
Date:   Sun Sep 30 19:48:51 2018 +0200

    add gif2ascii

commit e887a99c384fce53981b25a56a06e460d5399a96
Author: Ben Dover <noone@overthewire.org>
Date:   Sun Sep 30 19:48:51 2018 +0200

    fix username

commit 8900db12297176481b3b1ff6ddb76387e67bfed1
Author: Ben Dover <noone@overthewire.org>
Date:   Sun Sep 30 19:48:51 2018 +0200

    initial commit of README.md
bandit29@bandit:/tmp/tmp.kAkIuQmGn6/repo/repo$ git show
commit 8d718923251bed76bd180cd4d69783690fa71f8c
Author: Morla Porla <morla@overthewire.org>
Date:   Sun Sep 30 19:48:51 2018 +0200

    add data needed for development

diff --git a/README.md b/README.md
index 1af21d3..39b87a8 100644
--- a/README.md
+++ b/README.md
@@ -4,5 +4,5 @@ Some notes for bandit30 of bandit.
 ## credentials
 
 - username: bandit30
-- password: <no passwords in production!>
+- password: 5b90576bedb2cc04c86a9e924ce42faf

bandit29@bandit:/tmp/tmp.9ZoOKNJpBf/repo$ git log | grep commit | cut -d " " -f2 | while read line; do git show $line; done

bandit29@bandit:/tmp/tmp.9ZoOKNJpBf/repo$ git grep password
README.md:- password: 5b90576bedb2cc04c86a9e924ce42faf