bandit27@bandit:~$ cd `mktemp -d `
bandit27@bandit:/tmp/tmp.zxwnrS3tyY$ man mktemp
bandit27@bandit:/tmp/tmp.zxwnrS3tyY$ ls
bandit27@bandit:/tmp/tmp.zxwnrS3tyY$ ls
bandit27@bandit:/tmp/tmp.zxwnrS3tyY$ git clone ssh://bandit27-git@localhost/home/bandit27-git/repo
Cloning into 'repo'...
Could not create directory '/home/bandit27/.ssh'.
The authenticity of host 'localhost (127.0.0.1)' can't be established.
ECDSA key fingerprint is SHA256:98UL0ZWr85496EtCRkKlo20X3OPnyPSB5tB5RPbhczc.
Are you sure you want to continue connecting (yes/no)? yes
Failed to add the host to the list of known hosts (/home/bandit27/.ssh/known_hosts).
This is a OverTheWire game server. More information on http://www.overthewire.org/wargames

bandit27-git@localhost's password: 
remote: Counting objects: 3, done.
remote: Compressing objects: 100% (2/2), done.
remote: Total 3 (delta 0), reused 0 (delta 0)
Receiving objects: 100% (3/3), done.
bandit27@bandit:/tmp/tmp.zxwnrS3tyY$ ls
repo
bandit27@bandit:/tmp/tmp.zxwnrS3tyY$ ls -la
total 28
drwx--S---   3 bandit27 root  4096 Oct  4 17:28 .
drwxrws-wt 366 root     root 20480 Oct  4 17:30 ..
drwxr-sr-x   3 bandit27 root  4096 Oct  4 17:30 repo
bandit27@bandit:/tmp/tmp.zxwnrS3tyY$ cd repo
bandit27@bandit:/tmp/tmp.zxwnrS3tyY/repo$ ls
README
bandit27@bandit:/tmp/tmp.zxwnrS3tyY/repo$ file README
README: ASCII text
bandit27@bandit:/tmp/tmp.zxwnrS3tyY/repo$ cat README
The password to the next level is: 0ef186ac70e04ea33b4c1853d2526fa2